// Jest Snapshot v1, https://goo.gl/fbAQLP

exports[`<Lyrics /> should render lyrics with name and text 1`] = `
<Lyrics__Inner>
  <Lyrics__Close
    onClick={[Function]}
    type="button"
  />
  <Lyrics__Text>
    <Lyrics__Heading>
      Hello
    </Lyrics__Heading>
    Lorem Ipsum
  </Lyrics__Text>
</Lyrics__Inner>
`;
